// Jest Snapshot v1, https://goo.gl/fbAQLP

exports[`matches snapshot 1`] = `
<svg
  viewBox="0 0 100 100"
>
  <g
    className="clue-cell"
    onClick={[Function]}
    style={
      {
        "cursor": "default",
        "fontSize": "7px",
      }
    }
  >
    <rect
      fill="white"
      height={8}
      stroke="#333"
      strokeWidth={0.2}
      width={8}
      x={1}
      y={1}
    />
    <text
      className="guess-text-incorrect"
      dominantBaseline="middle"
      style={
        {
          "fill": "#666",
        }
      }
      textAnchor="middle"
      x={4}
      y={5}
    />
  </g>
</svg>
`;
